password-send.php
main.php
write_user_pass_change.php
service-type.txt
site-alert.php
favicon.ico
site-config.php
netz-config.php
ping-live.php
jquery.js
build-date.txt
set_permissions.sh
plugins.ini
user-stats.php
string_functions.js
color.sh
useradmin.php
site-monitor.php
ping-test-web.php
newrev
fsr.txt
style/grey.css
style/grey-small.css
style/midnight-small.css
style/ultramarine-small.css
style/template.css
style/ultramarine.css
style/grey.sed
style/style.bac/grey.css
style/style.bac/hsvwheel.png
style/style.bac/grey-small.css
style/style.bac/midnight-small.css
style/style.bac/ultramarine-small.css
style/style.bac/template.css
style/style.bac/ultramarine.css
style/style.bac/colorpicker.htm
style/style.bac/css_builder.html
style/style.bac/global.css
style/style.bac/midnight.css
style/style.bac/grey-large.css
style/style.bac/ultramarine-large.css
style/style.bac/css.sed
style/style.bac/midnight-large.css
style/midnight.css
style/grey-large.css
style/ultramarine-large.css
style/ultramarine.sed
style/midnight-large.css
style/plain.css
style/midnight.sed
style/rebuild_css
valip.js
upload.php
README.txt
db.class.php
write_ops.php
ops.php
chart-pop.php
netz.jpg
site-check.php
tcp-test.php
site-copy.php
alert-logs.class.php
plugin_write.php
usermod.php
table_roll_over.js
access_denied.html
region.txt
get_image.php
ChangeLog
ts_picker.js
tools/whois.php
tools/dns.php
tools/oui.txt
tools/tracehops
tools/mac.php
tools/ping.php
tools/trace.php
tools/tools.php
tools/trace-gm.php
tools/sneaky_trace.sh
graph.gif
set-ping-sudo.php
alert-logs.php
site-charts.php
support_info.php
help/monitorcycles.html
help/supportalert.html
help/logdir.html
help/httpcontent.html
help/all.txt
help/httppage.html
help/template.html
help/vipalert.html
help/javascript-help-popup-code
help/allowuploads.html
help/timeout.html
help/supportsearch.html
help/ssh_reg_key_sample.txt
help/macsearch.html
help/groups.html
help/alertcycles.html
help/plugin.html
help/monitorcycles_alert.html
help/basedir.html
help/imageadd.html
help/monitoronline.html
help/uploaddir.html
help/lanips.html
help/massalert.html
help/alertinfo.html
help/smtpauth.html
help/daystokeeplogs.html
index.htm
build-chart-group.php
netz_db.sql
QueryDisplay.php
userdel.php
servers-info.sh
health.html
wrap.cgi
menu-data-ro.js
get_group_image.php
ping.php
site-http-stats.php
site-stats.php
netzfooter.php
terms.html
plugins/reminder/div_move.js
plugins/reminder/reminders.sql
plugins/reminder/write_reminder.php
plugins/reminder/due_reminders.php
plugins/reminder/all_reminders.php.test
plugins/reminder/all_reminders.php.bac
plugins/reminder/help.html
plugins/reminder/sample.php
plugins/reminder/reminder_base.php.testing
plugins/reminder/config.php
plugins/reminder/all_reminders.php
plugins/reminder/reminder_base.php
plugins/reminder/reminder_base.php.bac
plugins/reminder/plugin.ini
plugins/google_map/closedhand_8_8.cur
plugins/google_map/purple.png
plugins/google_map/plugins.ini
plugins/google_map/save_location.php
plugins/google_map/netz-gm.php.2.2014.bac
plugins/google_map/red_hole.png
plugins/google_map/blank.png
plugins/google_map/orange.png
plugins/google_map/red.png
plugins/google_map/drag_cross_67_16.png
plugins/google_map/help.html
plugins/google_map/netz-gm_bac.php
plugins/google_map/netz-gm.php.project
plugins/google_map/netz-gm.php.good
plugins/google_map/caution_yellow.png
plugins/google_map/sample.php
plugins/google_map/netz-gm.php.bac
plugins/google_map/markerwithlabel.js
plugins/google_map/blank_green.png
plugins/google_map/netz-gm.php.orig
plugins/google_map/group-netz-gm-V2.php
plugins/google_map/netz-gm.php.6-5-2014
plugins/google_map/redchart.png.1
plugins/google_map/yellow.png
plugins/google_map/add2latlon.php
plugins/google_map/config.php
plugins/google_map/netz-gm.7.20.2011.php
plugins/google_map/netz-gm.php.bac.3-14-14
plugins/google_map/config.php.bac
plugins/google_map/netz-gm.php
plugins/google_map/caution.png
plugins/google_map/plugin.ini
plugins/importer/get_attachment.php
plugins/importer/text.csv
plugins/importer/csv_importer3.php
plugins/importer/get_displayName.php
plugins/importer/csv_importer3_step2.php
plugins/importer/csv_importer3.orig.version.with.explode.php
plugins/importer/upload_attachment.php
plugins/importer/plugin.ini
plugins/plugin-template/help.html
plugins/plugin-template/sample.php
plugins/plugin-template/config.php
plugins/plugin-template/plugin.ini
plugins/attachment/get_attachment.php
plugins/attachment/show_link.php
plugins/attachment/show_link.php.old
plugins/attachment/help.html
plugins/attachment/download_attachment.php
plugins/attachment/sample.php
plugins/attachment/display_button.php
plugins/attachment/config.php
plugins/attachment/show_attachments.php
plugins/attachment/upload_attachment.php
plugins/attachment/plugin.ini
site-alert-email-test.php
logoff.php
install.sh
lmz-functions.php
class.ConfigMagik.php
indicator.gif
site-http-test.php
menu-data-rw.js
log_password_access.php
lz-cr.jpg
support.php
user-theme.php
scan-check.php
build-chart.php
size_window.js
ping-test.php
get_time_zone.php
useradd.php
table-highlight.js
write_all_active.php
sites-down.php
active-sites.php
img/uparrow.jpg
img/dnarrow.jpg
img/help.gif
img/max.gif
img/combo_select_dhx_blue.gif
img/txt.png
img/help2.png
img/green_small.gif
img/combo_select_dhx_black.gif
img/fileicons/deb.png
img/fileicons/enc.png
img/fileicons/ps.png
img/fileicons/chm.png
img/fileicons/rm.png
img/fileicons/ppt.png
img/fileicons/rar.png
img/fileicons/odc.png
img/fileicons/txt.png
img/fileicons/jpg.png
img/fileicons/sxd.png
img/fileicons/tex.png
img/fileicons/class.png
img/fileicons/wmv.png
img/fileicons/bin.png
img/fileicons/pl.png
img/fileicons/xls.png
img/fileicons/sxc.png
img/fileicons/odt.png
img/fileicons/mm.png
img/fileicons/php.png
img/fileicons/iso.png
img/fileicons/html.png
img/fileicons/image.png
img/fileicons/7z.png
img/fileicons/odg.png
img/fileicons/cs.png
img/fileicons/xml.png
img/fileicons/jar.png
img/fileicons/sql.png
img/fileicons/wav.png
img/fileicons/css.png
img/fileicons/rb.png
img/fileicons/rpm.png
img/fileicons/mov.png
img/fileicons/c.png
img/fileicons/tar.png
img/fileicons/dot.png
img/fileicons/m.png
img/fileicons/ogg.png
img/fileicons/sxw.png
img/fileicons/sxi.png
img/fileicons/hlp.png
img/fileicons/java.png
img/fileicons/csv.png
img/fileicons/pdf.png
img/fileicons/cfc.png
img/fileicons/wma.png
img/fileicons/cfm.png
img/fileicons/mp3.png
img/fileicons/gz.png
img/fileicons/xvid.png
img/fileicons/bz2.png
img/fileicons/ods.png
img/fileicons/py.png
img/fileicons/aiff.png
img/fileicons/js.png
img/fileicons/odp.png
img/fileicons/png.png
img/fileicons/pgp.png
img/fileicons/vsd.png
img/fileicons/eml.png
img/fileicons/file.png
img/fileicons/cpp.png
img/fileicons/odf.png
img/fileicons/audio.png
img/fileicons/divx.png
img/fileicons/doc.png
img/fileicons/vcf.png
img/fileicons/README
img/fileicons/gif.png
img/fileicons/video.png
img/fileicons/swf.png
img/fileicons/tgz.png
img/fileicons/zip.png
img/fileicons/jpeg.png
img/fileicons/asc.png
img/fileicons/odi.png
img/fileicons/ram.png
img/fileicons/sig.png
img/fileicons/ai.png
img/fileicons/conf.png
img/fileicons/xpi.png
img/fileicons/lua.png
img/fileicons/mpg.png
img/fileicons/rtf.png
img/fileicons/htm.png
img/green.gif
img/combo_select_dhx_skyblue.gif
img/help.png
img/vcss-blue
img/combo_select.gif
img/up_pointer.png
img/cal.gif
img/rt_off.gif
img/php5-power-micro.png
img/logo2.gif
img/text.gif
img/red_small.gif
img/down.gif
img/yellow_small.gif
img/down_pointer.png
img/legend_bg.gif
img/prev.gif
img/red.gif
img/textfield_bg.gif
img/counter.gif
img/transparentpixel.gif
img/valid-html401-blue.png
img/textarea_bg.gif
img/fileicons.zip
img/GPC_WAN_Center.gif
img/add.png
img/blank.gif
img/submit2.gif
img/minus-button.png
img/uparrow.gif
img/txt.png.old
img/leds.gif
img/grey-round.gif
img/yellow.gif
img/next.gif
img/online.gif
img/close.gif
img/submit.gif
img/vcss
img/yellow_light.png
img/info-icon.png
img/bg_selection.gif
img/restore.gif
img/dnarrow.gif
img/circles.gif
img/online.png
tabber.js
write_access_log.php
server-health.php
site-type.txt
write-site-config.php
write-netz-config.php
run-site-cron.php
site-cron-calculate.php
fping/mkinstalldirs
fping/fping.o
fping/stamp-h.in
fping/install-sh
fping/COPYING
fping/fping.c
fping/options.h
fping/config.h
fping/config.h.in
fping/Makefile.in
fping/ChangeLog
fping/config.log
fping/configure
fping/autom4te.cache/requests
fping/autom4te.cache/traces.0
fping/autom4te.cache/output.0
fping/stamp-h
fping/fping.8
fping/acconfig.h
fping/Makefile
fping/missing
fping/config.status
fping/Makefile.am
fping/README
fping/fping
fping/fping.org
fping/aclocal.m4
fping/INSTALL
fping/linux.h
fping/configure.in
add-site.php
site-monitor.conf.example.php
upload_group.php
site-stats-graph.php
combo_box.js
write-user-theme.php
menulz.js
site_set_get_edit_flag.php
menu-data-rwa.js
password_verify.php
sites-down-pim.php
tabber.css
save_menu_style.php
querycreate.php
image_pop.php
site-check-multi.php
index.html
check_upgrade_valid.sh
logon.php
write_usermod.php
motd
user-pass-change.php
.htaccess
